// Jest Snapshot v1, https://goo.gl/fbAQLP

exports[`Preview exportTableModal Modal with no view 1`] = `
<div
  class="modal__wrapper"
>
  <div
    class="modal__box"
  >
    <!---->
     
    <!---->
     
    <h2
      class="box__title"
    >
      Export Test Table 1
    </h2>
     
    <!---->
     
    <!---->
      
    <div
      class="modal__actions"
    >
      <a
        class="modal__close"
      >
        <i
          class="iconoir-cancel"
        />
      </a>
       
    </div>
  </div>
</div>
`;

exports[`Preview exportTableModal Modal with view 1`] = `
<div
  class="modal__wrapper"
>
  <div
    class="modal__box"
  >
    <!---->
     
    <!---->
     
    <h2
      class="box__title"
    >
      Export Test Table 1
    </h2>
     
    <!---->
     
    <!---->
      
    <div
      class="modal__actions"
    >
      <a
        class="modal__close"
      >
        <i
          class="iconoir-cancel"
        />
      </a>
       
    </div>
  </div>
</div>
`;
